EVA2_P2_Identidad_referencial

MySQL Shell 8.0.38

Copyright (c) 2016, 2024, Oracle and/or its affiliates.
Oracle is a registered trademark of Oracle Corporation and/or its affiliates.
Other names may be trademarks of their respective owners.

Type '\help' or '\?' for help; '\quit' to exit.
 MySQL  JS > \sql
Switching to SQL mode... Commands end with ;
 MySQL  SQL > \connect --mc root@localhost
Creating a Classic session to 'root@localhost'
Fetching global names for auto-completion... Press ^C to stop.
Your MySQL connection id is 8
Server version: 8.0.39 MySQL Community Server - GPL
No default schema selected; type \use <schema> to set one.
 MySQL  localhost:3306 ssl  SQL > use tbd_eva2
Default schema set to `tbd_eva2`.
Fetching global names, object names from `tbd_eva2` for auto-completion... Press ^C to stop.
 MySQL  localhost:3306 ssl  tbd_eva2  SQL > show tables;
+--------------------+
| Tables_in_tbd_eva2 |
+--------------------+
| cliente            |
| factura            |
+--------------------+
2 rows in set (0.0139 sec)
 MySQL  localhost:3306 ssl  tbd_eva2  SQL > desc factura;
+-----------+------+------+-----+---------+----------------+
| Field     | Type | Null | Key | Default | Extra          |
+-----------+------+------+-----+---------+----------------+
| folio     | int  | NO   | PRI | NULL    | auto_increment |
| idCliente | int  | NO   | MUL | NULL    |                |
+-----------+------+------+-----+---------+----------------+
2 rows in set (0.0049 sec)
 MySQL  localhost:3306 ssl  tbd_eva2  SQL > des cliente;
ERROR: 1064 (42000): You have an error in your SQL syntax; check the manual that corresponds to your MySQL server version for the right syntax to use near 'des cliente' at line 1
 MySQL  localhost:3306 ssl  tbd_eva2  SQL > desc cliente;
+-----------+-------------+------+-----+---------+----------------+
| Field     | Type        | Null | Key | Default | Extra          |
+-----------+-------------+------+-----+---------+----------------+
| id        | int         | NO   | PRI | NULL    | auto_increment |
| nombre    | varchar(50) | NO   |     | NULL    |                |
| apellidos | varchar(50) | YES  |     | NULL    |                |
| rfc       | varchar(13) | NO   |     | NULL    |                |
+-----------+-------------+------+-----+---------+----------------+
4 rows in set (0.0032 sec)
 MySQL  localhost:3306 ssl  tbd_eva2  SQL > show create table factura;
+---------+------------------------------------------------------------------------------------------------------------------------------------------------------------------------------------------------------------------------------------------+
| Table   | Create Table
                                                                                         |
+---------+------------------------------------------------------------------------------------------------------------------------------------------------------------------------------------------------------------------------------------------+
| factura | CREATE TABLE `factura` (
  `folio` int NOT NULL AUTO_INCREMENT,
  `idCliente` int NOT NULL,
  PRIMARY KEY (`folio`),
  KEY `idCliente` (`idCliente`)
) ENGINE=InnoDB AUTO_INCREMENT=8 DEFAULT CHARSET=utf8mb4 COLLATE=utf8mb4_0900_ai_ci |
+---------+------------------------------------------------------------------------------------------------------------------------------------------------------------------------------------------------------------------------------------------+
1 row in set (0.0193 sec)
 MySQL  localhost:3306 ssl  tbd_eva2  SQL > select * from factura;
+-------+-----------+
| folio | idCliente |
+-------+-----------+
|     6 |         1 |
|     5 |         2 |
|     7 |         5 |
+-------+-----------+
3 rows in set (0.0245 sec)
 MySQL  localhost:3306 ssl  tbd_eva2  SQL > select * from cliente;
+----+---------+-----------+---------------+
| id | nombre  | apellidos | rfc           |
+----+---------+-----------+---------------+
|  1 | Ruben   | Gamboa    | GARC0305054Y1 |
|  2 | Alfredo | Olivas    | ALOL040798H7  |
|  3 | Ruben   | Gamboa    | GARC0305054Y1 |
|  4 | Alfredo | Olivas    | ALOL040798H7  |
+----+---------+-----------+---------------+
4 rows in set (0.0223 sec)
 MySQL  localhost:3306 ssl  tbd_eva2  SQL > alter table factura
                                         -> add constraint foreing key (idcliente)
                                         -> referencess cliente(id)
                                         -> ;
ERROR: 1064 (42000): You have an error in your SQL syntax; check the manual that corresponds to your MySQL server version for the right syntax to use near 'key (idcliente)
referencess cliente(id)' at line 2
 MySQL  localhost:3306 ssl  tbd_eva2  SQL > alter table factura add constraint foreign key (idcliente) referencess cliente(id) ;
ERROR: 1064 (42000): You have an error in your SQL syntax; check the manual that corresponds to your MySQL server version for the right syntax to use near 'referencess cliente(id)' at line 1
 MySQL  localhost:3306 ssl  tbd_eva2  SQL > delete from factura
                                         -> where idcliente = 5;
Query OK, 1 row affected (0.0123 sec)
 MySQL  localhost:3306 ssl  tbd_eva2  SQL > select * from factura;
+-------+-----------+
| folio | idCliente |
+-------+-----------+
|     6 |         1 |
|     5 |         2 |
+-------+-----------+
2 rows in set (0.0005 sec)
 MySQL  localhost:3306 ssl  tbd_eva2  SQL > alter table factura add constraint foreign key (idcliente) referencess cliente(id) ;
ERROR: 1064 (42000): You have an error in your SQL syntax; check the manual that corresponds to your MySQL server version for the right syntax to use near 'referencess cliente(id)' at line 1
 MySQL  localhost:3306 ssl  tbd_eva2  SQL > delete from factura where idcliente = 2;
Query OK, 1 row affected (0.0141 sec)
 MySQL  localhost:3306 ssl  tbd_eva2  SQL > alter table factura add constraint foreign key (idcliente) referencess cliente(id) ;
ERROR: 1064 (42000): You have an error in your SQL syntax; check the manual that corresponds to your MySQL server version for the right syntax to use near 'referencess cliente(id)' at line 1
 MySQL  localhost:3306 ssl  tbd_eva2  SQL > select * from clientes;
ERROR: 1146 (42S02): Table 'tbd_eva2.clientes' doesn't exist
 MySQL  localhost:3306 ssl  tbd_eva2  SQL > select * from cliente;
+----+---------+-----------+---------------+
| id | nombre  | apellidos | rfc           |
+----+---------+-----------+---------------+
|  1 | Ruben   | Gamboa    | GARC0305054Y1 |
|  2 | Alfredo | Olivas    | ALOL040798H7  |
|  3 | Ruben   | Gamboa    | GARC0305054Y1 |
|  4 | Alfredo | Olivas    | ALOL040798H7  |
+----+---------+-----------+---------------+
4 rows in set (0.0007 sec)
 MySQL  localhost:3306 ssl  tbd_eva2  SQL > select * from factura;
+-------+-----------+
| folio | idCliente |
+-------+-----------+
|     6 |         1 |
+-------+-----------+
1 row in set (0.0005 sec)
 MySQL  localhost:3306 ssl  tbd_eva2  SQL > alter table factura add constraint foreign key(idcliente) references cliente(id);
Query OK, 1 row affected (0.1059 sec)

Records: 1  Duplicates: 0  Warnings: 0
 MySQL  localhost:3306 ssl  tbd_eva2  SQL > show create table factura;
+---------+-------------------------------------------------------------------------------------------------------------------------------------------------------------------------------------------------------------------------------------------------------------------------------------------------------------------------------+
| Table   | Create Table

                  |
+---------+-------------------------------------------------------------------------------------------------------------------------------------------------------------------------------------------------------------------------------------------------------------------------------------------------------------------------------+
| factura | CREATE TABLE `factura` (
  `folio` int NOT NULL AUTO_INCREMENT,
  `idCliente` int NOT NULL,
  PRIMARY KEY (`folio`),
  KEY `idCliente` (`idCliente`),
  CONSTRAINT `factura_ibfk_1` FOREIGN KEY (`idCliente`) REFERENCES `cliente` (`id`)
) ENGINE=InnoDB AUTO_INCREMENT=8 DEFAULT CHARSET=utf8mb4 COLLATE=utf8mb4_0900_ai_ci |
+---------+-------------------------------------------------------------------------------------------------------------------------------------------------------------------------------------------------------------------------------------------------------------------------------------------------------------------------------+
1 row in set (0.0011 sec)
 MySQL  localhost:3306 ssl  tbd_eva2  SQL > alter table factura
                                         -> drop constraint factura_ibfk_1;
Query OK, 0 rows affected (0.0582 sec)

Records: 0  Duplicates: 0  Warnings: 0
 MySQL  localhost:3306 ssl  tbd_eva2  SQL > show create table factura;
+---------+------------------------------------------------------------------------------------------------------------------------------------------------------------------------------------------------------------------------------------------+
| Table   | Create Table
                                                                                         |
+---------+------------------------------------------------------------------------------------------------------------------------------------------------------------------------------------------------------------------------------------------+
| factura | CREATE TABLE `factura` (
  `folio` int NOT NULL AUTO_INCREMENT,
  `idCliente` int NOT NULL,
  PRIMARY KEY (`folio`),
  KEY `idCliente` (`idCliente`)
) ENGINE=InnoDB AUTO_INCREMENT=8 DEFAULT CHARSET=utf8mb4 COLLATE=utf8mb4_0900_ai_ci |
+---------+------------------------------------------------------------------------------------------------------------------------------------------------------------------------------------------------------------------------------------------+
1 row in set (0.0010 sec)
 MySQL  localhost:3306 ssl  tbd_eva2  SQL > alter table factura add constraint foreign key(idcliente) references cliente(id) on delete
                                         -> restrict on update restrict;
Query OK, 1 row affected (0.0676 sec)

Records: 1  Duplicates: 0  Warnings: 0
 MySQL  localhost:3306 ssl  tbd_eva2  SQL > show create table factura;
+---------+---------------------------------------------------------------------------------------------------------------------------------------------------------------------------------------------------------------------------------------------------------------------------------------------------------------------------------------------------------------------+
| Table   | Create Table

                                                        |
+---------+---------------------------------------------------------------------------------------------------------------------------------------------------------------------------------------------------------------------------------------------------------------------------------------------------------------------------------------------------------------------+
| factura | CREATE TABLE `factura` (
  `folio` int NOT NULL AUTO_INCREMENT,
  `idCliente` int NOT NULL,
  PRIMARY KEY (`folio`),
  KEY `idCliente` (`idCliente`),
  CONSTRAINT `factura_ibfk_1` FOREIGN KEY (`idCliente`) REFERENCES `cliente` (`id`) ON DELETE RESTRICT ON UPDATE RESTRICT
) ENGINE=InnoDB AUTO_INCREMENT=8 DEFAULT CHARSET=utf8mb4 COLLATE=utf8mb4_0900_ai_ci |
+---------+---------------------------------------------------------------------------------------------------------------------------------------------------------------------------------------------------------------------------------------------------------------------------------------------------------------------------------------------------------------------+
1 row in set (0.0013 sec)
 MySQL  localhost:3306 ssl  tbd_eva2  SQL > select * from factura;
+-------+-----------+
| folio | idCliente |
+-------+-----------+
|     6 |         1 |
+-------+-----------+
1 row in set (0.0007 sec)
 MySQL  localhost:3306 ssl  tbd_eva2  SQL > select * from cliente;
+----+---------+-----------+---------------+
| id | nombre  | apellidos | rfc           |
+----+---------+-----------+---------------+
|  1 | Ruben   | Gamboa    | GARC0305054Y1 |
|  2 | Alfredo | Olivas    | ALOL040798H7  |
|  3 | Ruben   | Gamboa    | GARC0305054Y1 |
|  4 | Alfredo | Olivas    | ALOL040798H7  |
+----+---------+-----------+---------------+
4 rows in set (0.0031 sec)
 MySQL  localhost:3306 ssl  tbd_eva2  SQL > delete from cliente
                                         -> where id=1;
ERROR: 1451 (23000): Cannot delete or update a parent row: a foreign key constraint fails (`tbd_eva2`.`factura`, CONSTRAINT `factura_ibfk_1` FOREIGN KEY (`idCliente`) REFERENCES `cliente` (`id`) ON DELETE RESTRICT ON UPDATE RESTRICT)
 MySQL  localhost:3306 ssl  tbd_eva2  SQL > update cliente
                                         -> set
                                         -> id=6
                                         -> where id=1;
ERROR: 1451 (23000): Cannot delete or update a parent row: a foreign key constraint fails (`tbd_eva2`.`factura`, CONSTRAINT `factura_ibfk_1` FOREIGN KEY (`idCliente`) REFERENCES `cliente` (`id`) ON DELETE RESTRICT ON UPDATE RESTRICT)
 MySQL  localhost:3306 ssl  tbd_eva2  SQL > alter table factura
                                         -> drop constraint factura_ibfk_1;
Query OK, 0 rows affected (0.0211 sec)

Records: 0  Duplicates: 0  Warnings: 0
 MySQL  localhost:3306 ssl  tbd_eva2  SQL > alter table factura
                                         -> add constraints foreign key(idcliente)
                                         -> references cliente(id)
                                         -> on delete cascade
                                         -> on update cascade;
ERROR: 1064 (42000): You have an error in your SQL syntax; check the manual that corresponds to your MySQL server version for the right syntax to use near 'foreign key(idcliente)
references cliente(id)
on delete cascade
on update cascad' at line 2
 MySQL  localhost:3306 ssl  tbd_eva2  SQL > alter table factura add constraint foreign key(idcliente) references cliente(id) on delete cascade on update cascade;
Query OK, 1 row affected (0.0778 sec)

Records: 1  Duplicates: 0  Warnings: 0
 MySQL  localhost:3306 ssl  tbd_eva2  SQL > update cliente
                                         -> set
                                         -> id=6
                                         -> where id=1;
Query OK, 1 row affected (0.0060 sec)

Rows matched: 1  Changed: 1  Warnings: 0
 MySQL  localhost:3306 ssl  tbd_eva2  SQL > select * from cliente;
+----+---------+-----------+---------------+
| id | nombre  | apellidos | rfc           |
+----+---------+-----------+---------------+
|  2 | Alfredo | Olivas    | ALOL040798H7  |
|  3 | Ruben   | Gamboa    | GARC0305054Y1 |
|  4 | Alfredo | Olivas    | ALOL040798H7  |
|  6 | Ruben   | Gamboa    | GARC0305054Y1 |
+----+---------+-----------+---------------+
4 rows in set (0.0006 sec)
 MySQL  localhost:3306 ssl  tbd_eva2  SQL > select * from factura;
+-------+-----------+
| folio | idCliente |
+-------+-----------+
|     6 |         6 |
+-------+-----------+
1 row in set (0.0006 sec)
 MySQL  localhost:3306 ssl  tbd_eva2  SQL > delete from cliente;
Query OK, 4 rows affected (0.0133 sec)
 MySQL  localhost:3306 ssl  tbd_eva2  SQL > select * from cliente;
Empty set (0.0005 sec)
 MySQL  localhost:3306 ssl  tbd_eva2  SQL > select * from factura;
Empty set (0.0005 sec)
 MySQL  localhost:3306 ssl  tbd_eva2  SQL > select * from clientes;
ERROR: 1146 (42S02): Table 'tbd_eva2.clientes' doesn't exist
 MySQL  localhost:3306 ssl  tbd_eva2  SQL > select * from cliente;
Empty set (0.0006 sec)
 MySQL  localhost:3306 ssl  tbd_eva2  SQL > show create table factura;
+---------+-------------------------------------------------------------------------------------------------------------------------------------------------------------------------------------------------------------------------------------------------------------------------------------------------------------------------------------------------------------------+
| Table   | Create Table

                                                      |
+---------+-------------------------------------------------------------------------------------------------------------------------------------------------------------------------------------------------------------------------------------------------------------------------------------------------------------------------------------------------------------------+
| factura | CREATE TABLE `factura` (
  `folio` int NOT NULL AUTO_INCREMENT,
  `idCliente` int NOT NULL,
  PRIMARY KEY (`folio`),
  KEY `idCliente` (`idCliente`),
  CONSTRAINT `factura_ibfk_1` FOREIGN KEY (`idCliente`) REFERENCES `cliente` (`id`) ON DELETE CASCADE ON UPDATE CASCADE
) ENGINE=InnoDB AUTO_INCREMENT=8 DEFAULT CHARSET=utf8mb4 COLLATE=utf8mb4_0900_ai_ci |
+---------+-------------------------------------------------------------------------------------------------------------------------------------------------------------------------------------------------------------------------------------------------------------------------------------------------------------------------------------------------------------------+
1 row in set (0.0009 sec)
 MySQL  localhost:3306 ssl  tbd_eva2  SQL > alter table factura
                                         -> drop constraint factura_ibfk_1;
Query OK, 0 rows affected (0.0206 sec)

Records: 0  Duplicates: 0  Warnings: 0
 MySQL  localhost:3306 ssl  tbd_eva2  SQL > desc cliente;
+-----------+-------------+------+-----+---------+----------------+
| Field     | Type        | Null | Key | Default | Extra          |
+-----------+-------------+------+-----+---------+----------------+
| id        | int         | NO   | PRI | NULL    | auto_increment |
| nombre    | varchar(50) | NO   |     | NULL    |                |
| apellidos | varchar(50) | YES  |     | NULL    |                |
| rfc       | varchar(13) | NO   |     | NULL    |                |
+-----------+-------------+------+-----+---------+----------------+
4 rows in set (0.0039 sec)
 MySQL  localhost:3306 ssl  tbd_eva2  SQL > insert into cliente(nombre,apellidos,rfc)
                                         -> values("Eliza","Lopez","EALP0407MCHPL")
                                         -> ("Lalala", "Juarez" "LAJU457896M12");
ERROR: 1064 (42000): You have an error in your SQL syntax; check the manual that corresponds to your MySQL server version for the right syntax to use near '("Lalala", "Juarez" "LAJU457896M12")' at line 3
 MySQL  localhost:3306 ssl  tbd_eva2  SQL > insert into cliente(nombre,apellidos,rfc) values("Eliza","Lopez","EALP0407MCHPL") ("Lalala", "Juarez" "LAJU457896M1");
ERROR: 1064 (42000): You have an error in your SQL syntax; check the manual that corresponds to your MySQL server version for the right syntax to use near '("Lalala", "Juarez" "LAJU457896M1")' at line 1
 MySQL  localhost:3306 ssl  tbd_eva2  SQL > insert into cliente(nombre,apellidos,rfc) values("Eliza","Lopez","EALP0407MCHPL") ("Lalala", "Juarez", "LAJU457896M1");
ERROR: 1064 (42000): You have an error in your SQL syntax; check the manual that corresponds to your MySQL server version for the right syntax to use near '("Lalala", "Juarez", "LAJU457896M1")' at line 1
 MySQL  localhost:3306 ssl  tbd_eva2  SQL > insert into cliente(nombre,apellidos,rfc) values("Eliza","Lopez","EALP0407MCHPL") ,("Lalala", "Juarez", "LAJU457896M1");
Query OK, 2 rows affected (0.0433 sec)

Records: 2  Duplicates: 0  Warnings: 0
 MySQL  localhost:3306 ssl  tbd_eva2  SQL > select * from clientes;
ERROR: 1146 (42S02): Table 'tbd_eva2.clientes' doesn't exist
 MySQL  localhost:3306 ssl  tbd_eva2  SQL > select * from cliente;
+----+--------+-----------+---------------+
| id | nombre | apellidos | rfc           |
+----+--------+-----------+---------------+
|  7 | Eliza  | Lopez     | EALP0407MCHPL |
|  8 | Lalala | Juarez    | LAJU457896M1  |
+----+--------+-----------+---------------+
2 rows in set (0.0006 sec)
 MySQL  localhost:3306 ssl  tbd_eva2  SQL > insert into factura(idcliente)
                                         -> values (6),(6),(7),(7),(7),(7);
Query OK, 6 rows affected (0.0128 sec)

Records: 6  Duplicates: 0  Warnings: 0
 MySQL  localhost:3306 ssl  tbd_eva2  SQL > select * from factura;
+-------+-----------+
| folio | idCliente |
+-------+-----------+
|     8 |         6 |
|     9 |         6 |
|    10 |         7 |
|    11 |         7 |
|    12 |         7 |
|    13 |         7 |
+-------+-----------+
6 rows in set (0.0013 sec)
 MySQL  localhost:3306 ssl  tbd_eva2  SQL > desc factura;
+-----------+------+------+-----+---------+----------------+
| Field     | Type | Null | Key | Default | Extra          |
+-----------+------+------+-----+---------+----------------+
| folio     | int  | NO   | PRI | NULL    | auto_increment |
| idCliente | int  | NO   | MUL | NULL    |                |
+-----------+------+------+-----+---------+----------------+
2 rows in set (0.0030 sec)
 MySQL  localhost:3306 ssl  tbd_eva2  SQL > alter table factura
                                         -> add constraint foreign key(cliente)
                                         -> references cliente(id)
                                         -> on delete set null,
                                         -> on update set null;
ERROR: 1064 (42000): You have an error in your SQL syntax; check the manual that corresponds to your MySQL server version for the right syntax to use near 'on update set null' at line 5
 MySQL  localhost:3306 ssl  tbd_eva2  SQL > alter tbale factura
                                         -> drop constraint factura_ibfk_1;
ERROR: 1064 (42000): You have an error in your SQL syntax; check the manual that corresponds to your MySQL server version for the right syntax to use near 'tbale factura
drop constraint factura_ibfk_1' at line 1
 MySQL  localhost:3306 ssl  tbd_eva2  SQL > alter table factura drop constraint factura_ibfk_1;
ERROR: 3940 (HY000): Constraint 'factura_ibfk_1' does not exist.
 MySQL  localhost:3306 ssl  tbd_eva2  SQL > show create table factura;
+---------+-------------------------------------------------------------------------------------------------------------------------------------------------------------------------------------------------------------------------------------------+
| Table   | Create Table
                                                                                          |
+---------+-------------------------------------------------------------------------------------------------------------------------------------------------------------------------------------------------------------------------------------------+
| factura | CREATE TABLE `factura` (
  `folio` int NOT NULL AUTO_INCREMENT,
  `idCliente` int NOT NULL,
  PRIMARY KEY (`folio`),
  KEY `idCliente` (`idCliente`)
) ENGINE=InnoDB AUTO_INCREMENT=14 DEFAULT CHARSET=utf8mb4 COLLATE=utf8mb4_0900_ai_ci |
+---------+-------------------------------------------------------------------------------------------------------------------------------------------------------------------------------------------------------------------------------------------+
1 row in set (0.0008 sec)
 MySQL  localhost:3306 ssl  tbd_eva2  SQL > alter table factura add constraint foreign key(idcliente) references cliente(id) on delete set null, on update set null;
ERROR: 1064 (42000): You have an error in your SQL syntax; check the manual that corresponds to your MySQL server version for the right syntax to use near 'on update set null' at line 1
 MySQL  localhost:3306 ssl  tbd_eva2  SQL > alter table factura add constraint foreign key(idcliente) references cliente(id) on delete cascade, on update cascade;
ERROR: 1064 (42000): You have an error in your SQL syntax; check the manual that corresponds to your MySQL server version for the right syntax to use near 'on update cascade' at line 1
(i-search)`':